// Jest Snapshot v1, https://goo.gl/fbAQLP

exports[`Render component should render Button Component 1`] = `
<button
  className="btn"
  type="button"
/>
`;
